// Jest Snapshot v1, https://goo.gl/fbAQLP

exports[`<App /> should render and match the snapshot 1`] = `
<BrowserRouter>
  <Helmet
    defaultTitle="GoParts Dashboard"
    defer={true}
    encodeSpecialCharacters={true}
    htmlAttributes={
      Object {
        "lang": undefined,
      }
    }
    prioritizeSeoTags={false}
    titleTemplate="%s - GoParts Dashboard"
  >
    <meta
      content="GoParts Dashboard"
      name="description"
    />
  </Helmet>
  
  <Memo(l) />
</BrowserRouter>
`;
